[2026-07-28T00:30:02Z] auto-run start: state=INIT
[2026-07-28T00:30:02Z] auto-run: running step=planner
[2026-07-28T00:30:02Z] prompt: resolved=prompts/generic/planner.md source=generic
[2026-07-28T00:30:02Z] prompt: generic fallback — injecting runs/T045/ticket.md
[2026-07-28T00:30:02Z] compose: global-context=docs/ai/global-context.md
[2026-07-28T00:30:02Z] compose: role=ai/roles/planner.md
[2026-07-28T00:30:02Z] compose: skill=ai/skills/workflow-discipline.md
[2026-07-28T00:30:02Z] compose: skill=ai/skills/architecture-discipline.md
[2026-07-28T00:30:02Z] compose: skill=ai/skills/documentation.md
[2026-07-28T00:30:02Z] compose: task (canonical prompt)
[2026-07-28T00:30:02Z] snapshot: runtime-prompt=runs/T045/prompts/planner-attempt-1.md
[2026-07-28T00:31:54Z] auto-run: step=planner done rc=0
[2026-07-28T00:50:02Z] conflict-resolver: [pass 2/3] conflicted=['frontend/test-results/.last-run.json'] | staged=['frontend/test-results/.last-run.json'] | unresolved=[] | continue_rc=1 | next_source=[]
[2026-07-28T00:50:02Z] conflict-resolver: all conflicts resolved after 2 pass(es)
[2026-07-28T00:50:02Z] conflict-resolver: running tests
[2026-07-28T00:50:02Z] conflict-resolver: test-report written: runs/T045/conflict/test-report.md
[2026-07-28T00:50:02Z] conflict-resolver: staging and committing resolution artifacts
[2026-07-28T00:50:03Z] conflict-resolver: commit: sha=f1a78920
[2026-07-28T00:50:03Z] conflict-resolver: git push --force-with-lease origin ticket/T045-run-frontend-quality-checks-automatically-in-ci
[2026-07-28T00:50:06Z] conflict-resolver: push succeeded
[2026-07-28T00:50:06Z] conflict-resolver: state → CONFLICT_RESOLVED_REVIEW_NEEDED
[2026-07-28T00:50:06Z] auto-finalize-conflict: gate disabled for project='timizer-like'
[2026-07-28T00:50:06Z] conflict-resolver: transition CONFLICT_RESOLVED_REVIEW_NEEDED → TEST_COMPLETE (auto, PROJECT_SETTING)
[2026-07-28T00:50:06Z] auto-run: TEST_COMPLETE — running PR lifecycle
