[2026-07-27T20:40:39Z] auto-run start: state=INIT
[2026-07-27T20:40:39Z] auto-run: running step=planner
[2026-07-27T20:40:39Z] prompt: resolved=prompts/generic/planner.md source=generic
[2026-07-27T20:40:39Z] prompt: generic fallback — injecting runs/T043/ticket.md
[2026-07-27T20:40:39Z] compose: global-context=docs/ai/global-context.md
[2026-07-27T20:40:39Z] compose: role=ai/roles/planner.md
[2026-07-27T20:40:39Z] compose: skill=ai/skills/workflow-discipline.md
[2026-07-27T20:40:39Z] compose: skill=ai/skills/architecture-discipline.md
[2026-07-27T20:40:39Z] compose: skill=ai/skills/documentation.md
[2026-07-27T20:40:39Z] compose: task (canonical prompt)
[2026-07-27T20:40:39Z] snapshot: runtime-prompt=runs/T043/prompts/planner-attempt-1.md
[2026-07-27T20:42:53Z] compose: preferring on-disk runs/T043/plan.md over chatty stdout (agent Write beat meta-report)
[2026-07-27T20:42:53Z] auto-run: step=planner done rc=0
[2026-07-27T23:15:23Z] auto-run start: state=IMPLEMENTATION_APPROVED
[2026-07-27T23:15:23Z] auto-run: running step=tester
[2026-07-27T23:15:23Z] prompt: resolved=prompts/generic/tester.md source=generic
[2026-07-27T23:15:23Z] prompt: generic fallback — injecting runs/T043/ticket.md
[2026-07-27T23:15:23Z] compose: global-context=docs/ai/global-context.md
[2026-07-27T23:15:23Z] compose: role=ai/roles/tester.md
[2026-07-27T23:15:23Z] compose: skill=ai/skills/workflow-discipline.md
[2026-07-27T23:15:23Z] compose: skill=ai/skills/testing.md
[2026-07-27T23:15:23Z] compose: skill=ai/skills/debugging.md
[2026-07-27T23:15:23Z] compose: task (canonical prompt)
[2026-07-27T23:15:23Z] snapshot: runtime-prompt=runs/T043/prompts/tester-attempt-1.md
[2026-07-27T23:17:01Z] auto-run: step=tester done rc=0
[2026-07-27T23:17:01Z] auto-run: transition IMPLEMENTATION_APPROVED → TEST_COMPLETE
[2026-07-27T23:17:01Z] auto-run: auto-commit triggered (step=tester, include_code=True)
[2026-07-27T23:17:01Z] commit-checkpoint: unstaged runtime garbage: ['runs/T043/daemon.lock', 'runs/T043/runtime.log', 'runs/T043/workflow-status.md']
[2026-07-27T23:17:01Z] commit-checkpoint: sha=154a0fc9 files=4 title='test(T043/workflow): tester — update 4 file(s)'
[2026-07-27T23:17:01Z] auto-run: auto-push triggered
[2026-07-27T23:17:01Z] push: tolerating runtime dirty files (not blocking): ['runs/T043/daemon.lock', 'runs/T043/runtime.log', 'runs/T043/workflow-status.md']
[2026-07-27T23:17:01Z] push: pushing branch=ticket/T043-perform-responsive-and-accessibility-qa-on-the-com
[2026-07-27T23:17:03Z] push: done branch=ticket/T043-perform-responsive-and-accessibility-qa-on-the-com
[2026-07-27T23:17:03Z] auto-run: TEST_COMPLETE — running PR lifecycle
[2026-07-27T23:24:59Z] conflict-resolver: [pass 1/3] conflicted=['frontend/src/App.tsx', 'frontend/src/components/CalendarGrid/CalendarGrid.css', 'frontend/src/components/CalendarGrid/CalendarGrid.tsx', 'frontend/src/components/CraHistory/CraHistory.css', 'frontend/src/components/CraHistory/CraHistory.tsx', 'frontend/src/components/CraMonthSelector/CraMonthSelector.tsx', 'frontend/src/components/CraSummaryPanel/CraSummaryPanel.tsx', 'frontend/src/components/CraValidation/CraValidation.tsx', 'frontend/src/setupTests.ts'] | staged=['frontend/src/App.tsx', 'frontend/src/components/CalendarGrid/CalendarGrid.css', 'frontend/src/components/CalendarGrid/CalendarGrid.tsx', 'frontend/src/components/CraHistory/CraHistory.css', 'frontend/src/components/CraHistory/CraHistory.tsx', 'frontend/src/components/CraMonthSelector/CraMonthSelector.tsx', 'frontend/src/components/CraSummaryPanel/CraSummaryPanel.tsx', 'frontend/src/components/CraValidation/CraValidation.tsx', 'frontend/src/setupTests.ts'] | unresolved=[] | continue_rc=1 | next_source=[]
[2026-07-27T23:24:59Z] conflict-resolver: all conflicts resolved after 1 pass(es)
[2026-07-27T23:24:59Z] conflict-resolver: running tests
[2026-07-27T23:24:59Z] conflict-resolver: test-report written: runs/T043/conflict/test-report.md
[2026-07-27T23:24:59Z] conflict-resolver: staging and committing resolution artifacts
[2026-07-27T23:24:59Z] conflict-resolver: commit: sha=2455766e
[2026-07-27T23:24:59Z] conflict-resolver: git push --force-with-lease origin ticket/T043-perform-responsive-and-accessibility-qa-on-the-com
[2026-07-27T23:25:01Z] conflict-resolver: push succeeded
[2026-07-27T23:25:01Z] conflict-resolver: state → CONFLICT_RESOLVED_REVIEW_NEEDED
[2026-07-27T23:25:01Z] auto-finalize-conflict: gate disabled for project='timizer-like'
[2026-07-27T23:25:01Z] conflict-resolver: transition CONFLICT_RESOLVED_REVIEW_NEEDED → TEST_COMPLETE (auto, PROJECT_SETTING)
[2026-07-27T23:25:02Z] auto-run: TEST_COMPLETE — running PR lifecycle
