[2026-08-02T10:17:34Z] auto-run start: state=INIT
[2026-08-02T10:17:35Z] auto-run: running step=planner
[2026-08-02T10:17:35Z] prompt: resolved=prompts/generic/planner.md source=generic
[2026-08-02T10:17:35Z] prompt: generic fallback — injecting runs/T074/ticket.md
[2026-08-02T10:17:35Z] compose: global-context=docs/ai/global-context.md
[2026-08-02T10:17:35Z] compose: role=ai/roles/planner.md
[2026-08-02T10:17:35Z] compose: skill=ai/skills/workflow-discipline.md
[2026-08-02T10:17:35Z] compose: skill=ai/skills/architecture-discipline.md
[2026-08-02T10:17:35Z] compose: skill=ai/skills/documentation.md
[2026-08-02T10:17:35Z] compose: task (canonical prompt)
[2026-08-02T10:17:35Z] snapshot: runtime-prompt=runs/T074/prompts/planner-attempt-1.md
[2026-08-02T10:21:17Z] compose: preferring on-disk runs/T074/plan.md over chatty stdout (agent Write beat meta-report)
[2026-08-02T10:21:17Z] auto-run: step=planner done rc=0
[2026-08-02T10:31:39Z] auto-run start: state=IMPLEMENTATION_APPROVED
[2026-08-02T10:31:39Z] auto-run: running step=tester
[2026-08-02T10:31:39Z] prompt: resolved=prompts/generic/tester.md source=generic
[2026-08-02T10:31:39Z] prompt: generic fallback — injecting runs/T074/ticket.md
[2026-08-02T10:31:39Z] compose: global-context=docs/ai/global-context.md
[2026-08-02T10:31:39Z] compose: role=ai/roles/tester.md
[2026-08-02T10:31:39Z] compose: skill=ai/skills/workflow-discipline.md
[2026-08-02T10:31:39Z] compose: skill=ai/skills/testing.md
[2026-08-02T10:31:39Z] compose: skill=ai/skills/debugging.md
[2026-08-02T10:31:39Z] compose: task (canonical prompt)
[2026-08-02T10:31:39Z] snapshot: runtime-prompt=runs/T074/prompts/tester-attempt-1.md
[2026-08-02T10:33:55Z] auto-run: step=tester done rc=0
[2026-08-02T10:33:55Z] auto-run: transition IMPLEMENTATION_APPROVED → TEST_COMPLETE
[2026-08-02T10:33:55Z] auto-run: auto-commit triggered (step=tester, include_code=True)
[2026-08-02T10:33:55Z] commit-checkpoint: unstaged runtime garbage: ['runs/T074/daemon.lock', 'runs/T074/runtime.log', 'runs/T074/workflow-status.md']
[2026-08-02T10:33:55Z] commit-checkpoint: sha=41a1ada0 files=4 title='test(T074/workflow): tester — update 4 file(s)'
[2026-08-02T10:33:55Z] auto-run: auto-push triggered
[2026-08-02T10:33:55Z] push: tolerating runtime dirty files (not blocking): ['runs/T074/daemon.lock', 'runs/T074/runtime.log', 'runs/T074/workflow-status.md']
[2026-08-02T10:33:55Z] push: pushing branch=ticket/T074-remove-the-obsolete-inline-cra-detail-panel-from-h
[2026-08-02T10:33:57Z] push: done branch=ticket/T074-remove-the-obsolete-inline-cra-detail-panel-from-h
[2026-08-02T10:33:58Z] auto-run: TEST_COMPLETE — running PR lifecycle
