[2026-07-27T16:20:37Z] auto-run start: state=INIT
[2026-07-27T16:20:37Z] auto-run: running step=planner
[2026-07-27T16:20:37Z] prompt: resolved=prompts/generic/planner.md source=generic
[2026-07-27T16:20:37Z] prompt: generic fallback — injecting runs/T034/ticket.md
[2026-07-27T16:20:37Z] compose: global-context=docs/ai/global-context.md
[2026-07-27T16:20:37Z] compose: role=ai/roles/planner.md
[2026-07-27T16:20:37Z] compose: skill=ai/skills/workflow-discipline.md
[2026-07-27T16:20:37Z] compose: skill=ai/skills/architecture-discipline.md
[2026-07-27T16:20:37Z] compose: skill=ai/skills/documentation.md
[2026-07-27T16:20:37Z] compose: task (canonical prompt)
[2026-07-27T16:20:37Z] snapshot: runtime-prompt=runs/T034/prompts/planner-attempt-1.md
[2026-07-27T16:22:08Z] auto-run: step=planner done rc=0
[2026-07-27T16:25:59Z] auto-run start: state=INIT
[2026-07-27T16:25:59Z] auto-run: running step=planner
[2026-07-27T16:25:59Z] prompt: resolved=prompts/generic/planner.md source=generic
[2026-07-27T16:25:59Z] prompt: generic fallback — injecting runs/T034/ticket.md
[2026-07-27T16:25:59Z] compose: global-context=docs/ai/global-context.md
[2026-07-27T16:25:59Z] compose: role=ai/roles/planner.md
[2026-07-27T16:25:59Z] compose: skill=ai/skills/workflow-discipline.md
[2026-07-27T16:25:59Z] compose: skill=ai/skills/architecture-discipline.md
[2026-07-27T16:25:59Z] compose: skill=ai/skills/documentation.md
[2026-07-27T16:25:59Z] compose: task (canonical prompt)
[2026-07-27T16:25:59Z] snapshot: runtime-prompt=runs/T034/prompts/planner-attempt-2.md
[2026-07-27T16:27:41Z] auto-run: step=planner done rc=0
[2026-07-27T16:31:17Z] auto-run start: state=INIT
[2026-07-27T16:31:17Z] auto-run: running step=planner
[2026-07-27T16:31:17Z] prompt: resolved=prompts/generic/planner.md source=generic
[2026-07-27T16:31:17Z] prompt: generic fallback — injecting runs/T034/ticket.md
[2026-07-27T16:31:17Z] compose: global-context=docs/ai/global-context.md
[2026-07-27T16:31:17Z] compose: role=ai/roles/planner.md
[2026-07-27T16:31:17Z] compose: skill=ai/skills/workflow-discipline.md
[2026-07-27T16:31:17Z] compose: skill=ai/skills/architecture-discipline.md
[2026-07-27T16:31:17Z] compose: skill=ai/skills/documentation.md
[2026-07-27T16:31:17Z] compose: task (canonical prompt)
[2026-07-27T16:31:17Z] snapshot: runtime-prompt=runs/T034/prompts/planner-attempt-3.md
[2026-07-27T16:33:24Z] auto-run: step=planner done rc=0
[2026-07-27T16:35:20Z] auto-run start: state=INIT
[2026-07-27T16:35:20Z] auto-run: running step=planner
[2026-07-27T16:35:21Z] prompt: resolved=prompts/generic/planner.md source=generic
[2026-07-27T16:35:21Z] prompt: generic fallback — injecting runs/T034/ticket.md
[2026-07-27T16:35:21Z] compose: global-context=docs/ai/global-context.md
[2026-07-27T16:35:21Z] compose: role=ai/roles/planner.md
[2026-07-27T16:35:21Z] compose: skill=ai/skills/workflow-discipline.md
[2026-07-27T16:35:21Z] compose: skill=ai/skills/architecture-discipline.md
[2026-07-27T16:35:21Z] compose: skill=ai/skills/documentation.md
[2026-07-27T16:35:21Z] compose: task (canonical prompt)
[2026-07-27T16:35:21Z] snapshot: runtime-prompt=runs/T034/prompts/planner-attempt-4.md
[2026-07-27T16:36:32Z] auto-run: step=planner done rc=0
[2026-07-27T16:45:55Z] auto-run start: state=IMPLEMENTATION_APPROVED
[2026-07-27T16:45:55Z] auto-run: running step=tester
[2026-07-27T16:45:55Z] prompt: resolved=prompts/generic/tester.md source=generic
[2026-07-27T16:45:55Z] prompt: generic fallback — injecting runs/T034/ticket.md
[2026-07-27T16:45:55Z] compose: global-context=docs/ai/global-context.md
[2026-07-27T16:45:55Z] compose: role=ai/roles/tester.md
[2026-07-27T16:45:55Z] compose: skill=ai/skills/workflow-discipline.md
[2026-07-27T16:45:55Z] compose: skill=ai/skills/testing.md
[2026-07-27T16:45:55Z] compose: skill=ai/skills/debugging.md
[2026-07-27T16:45:55Z] compose: task (canonical prompt)
[2026-07-27T16:45:55Z] snapshot: runtime-prompt=runs/T034/prompts/tester-attempt-1.md
[2026-07-27T16:47:56Z] auto-run: step=tester done rc=0
[2026-07-27T16:47:56Z] auto-run: transition IMPLEMENTATION_APPROVED → TEST_COMPLETE
[2026-07-27T16:47:56Z] auto-run: auto-commit triggered (step=tester, include_code=True)
[2026-07-27T16:47:56Z] commit-checkpoint: unstaged runtime garbage: ['runs/T034/daemon.lock', 'runs/T034/runtime.log', 'runs/T034/workflow-status.md']
[2026-07-27T16:47:56Z] commit-checkpoint: sha=ce1cfa6b files=4 title='test(T034/workflow): tester — update 4 file(s)'
[2026-07-27T16:47:56Z] auto-run: auto-push triggered
[2026-07-27T16:47:56Z] push: tolerating runtime dirty files (not blocking): ['runs/T034/daemon.lock', 'runs/T034/runtime.log', 'runs/T034/workflow-status.md']
[2026-07-27T16:47:56Z] push: pushing branch=ticket/T034-introduce-a-professional-frontend-design-system
[2026-07-27T16:47:58Z] push: done branch=ticket/T034-introduce-a-professional-frontend-design-system
[2026-07-27T16:47:59Z] auto-run: TEST_COMPLETE — running PR lifecycle
