[2026-07-31T17:15:02Z] auto-run start: state=INIT
[2026-07-31T17:15:02Z] auto-run: running step=planner
[2026-07-31T17:15:02Z] prompt: resolved=prompts/generic/planner.md source=generic
[2026-07-31T17:15:02Z] prompt: generic fallback — injecting runs/T067/ticket.md
[2026-07-31T17:15:02Z] compose: global-context=docs/ai/global-context.md
[2026-07-31T17:15:02Z] compose: role=ai/roles/planner.md
[2026-07-31T17:15:02Z] compose: skill=ai/skills/workflow-discipline.md
[2026-07-31T17:15:02Z] compose: skill=ai/skills/architecture-discipline.md
[2026-07-31T17:15:02Z] compose: skill=ai/skills/documentation.md
[2026-07-31T17:15:02Z] compose: task (canonical prompt)
[2026-07-31T17:15:02Z] snapshot: runtime-prompt=runs/T067/prompts/planner-attempt-1.md
[2026-07-31T17:19:46Z] compose: preferring on-disk runs/T067/plan.md over chatty stdout (agent Write beat meta-report)
[2026-07-31T17:19:46Z] auto-run: step=planner done rc=0
[2026-07-31T22:22:38Z] auto-run start: state=IMPLEMENTATION_APPROVED
[2026-07-31T22:22:38Z] auto-run: running step=tester
[2026-07-31T22:22:38Z] prompt: resolved=prompts/generic/tester.md source=generic
[2026-07-31T22:22:38Z] prompt: generic fallback — injecting runs/T067/ticket.md
[2026-07-31T22:22:38Z] compose: global-context=docs/ai/global-context.md
[2026-07-31T22:22:38Z] compose: role=ai/roles/tester.md
[2026-07-31T22:22:38Z] compose: skill=ai/skills/workflow-discipline.md
[2026-07-31T22:22:38Z] compose: skill=ai/skills/testing.md
[2026-07-31T22:22:38Z] compose: skill=ai/skills/debugging.md
[2026-07-31T22:22:38Z] compose: task (canonical prompt)
[2026-07-31T22:22:38Z] snapshot: runtime-prompt=runs/T067/prompts/tester-attempt-1.md
[2026-07-31T22:29:49Z] auto-run: step=tester done rc=0
[2026-07-31T22:29:49Z] auto-run: transition IMPLEMENTATION_APPROVED → TEST_COMPLETE
[2026-07-31T22:29:49Z] auto-run: auto-commit triggered (step=tester, include_code=True)
[2026-07-31T22:29:49Z] commit-checkpoint: unstaged runtime garbage: ['runs/T067/daemon.lock', 'runs/T067/runtime.log', 'runs/T067/workflow-status.md']
[2026-07-31T22:29:49Z] commit-checkpoint: sha=6a6f6340 files=106 title='test(T067/workflow): tester — update 106 file(s)'
[2026-07-31T22:29:49Z] auto-run: auto-push triggered
[2026-07-31T22:29:50Z] push: tolerating runtime dirty files (not blocking): ['runs/T067/daemon.lock', 'runs/T067/runtime.log', 'runs/T067/workflow-status.md']
[2026-07-31T22:29:50Z] push: pushing branch=ticket/T067-fix-cra-validation-workflow-from-draft-to-consulta
[2026-07-31T22:29:53Z] push: done branch=ticket/T067-fix-cra-validation-workflow-from-draft-to-consulta
[2026-07-31T22:29:53Z] auto-run: TEST_COMPLETE — running PR lifecycle
[2026-07-31T22:36:22Z] conflict-resolver: [pass 1/3] conflicted=['frontend/src/components/CraOverview/CraOverview.tsx'] | staged=['frontend/src/components/CraOverview/CraOverview.tsx'] | unresolved=[] | continue_rc=1 | next_source=[]
[2026-07-31T22:36:22Z] conflict-resolver: all conflicts resolved after 1 pass(es)
[2026-07-31T22:36:22Z] conflict-resolver: running tests
[2026-07-31T22:36:22Z] conflict-resolver: test-report written: runs/T067/conflict/test-report.md
[2026-07-31T22:36:22Z] conflict-resolver: staging and committing resolution artifacts
