[2026-07-27T20:40:31Z] auto-run start: state=INIT
[2026-07-27T20:40:31Z] auto-run: running step=planner
[2026-07-27T20:40:31Z] prompt: resolved=prompts/generic/planner.md source=generic
[2026-07-27T20:40:31Z] prompt: generic fallback — injecting runs/T041/ticket.md
[2026-07-27T20:40:31Z] compose: global-context=docs/ai/global-context.md
[2026-07-27T20:40:31Z] compose: role=ai/roles/planner.md
[2026-07-27T20:40:31Z] compose: skill=ai/skills/workflow-discipline.md
[2026-07-27T20:40:31Z] compose: skill=ai/skills/architecture-discipline.md
[2026-07-27T20:40:31Z] compose: skill=ai/skills/documentation.md
[2026-07-27T20:40:31Z] compose: task (canonical prompt)
[2026-07-27T20:40:31Z] snapshot: runtime-prompt=runs/T041/prompts/planner-attempt-1.md
[2026-07-27T20:43:15Z] auto-run: step=planner done rc=0
[2026-07-27T23:24:53Z] auto-run start: state=IMPLEMENTATION_APPROVED
[2026-07-27T23:24:53Z] auto-run: running step=tester
[2026-07-27T23:24:53Z] prompt: resolved=prompts/generic/tester.md source=generic
[2026-07-27T23:24:53Z] prompt: generic fallback — injecting runs/T041/ticket.md
[2026-07-27T23:24:53Z] compose: global-context=docs/ai/global-context.md
[2026-07-27T23:24:53Z] compose: role=ai/roles/tester.md
[2026-07-27T23:24:53Z] compose: skill=ai/skills/workflow-discipline.md
[2026-07-27T23:24:53Z] compose: skill=ai/skills/testing.md
[2026-07-27T23:24:53Z] compose: skill=ai/skills/debugging.md
[2026-07-27T23:24:53Z] compose: task (canonical prompt)
[2026-07-27T23:24:53Z] snapshot: runtime-prompt=runs/T041/prompts/tester-attempt-1.md
[2026-07-27T23:25:43Z] auto-run: step=tester done rc=0
[2026-07-27T23:25:43Z] auto-run: transition IMPLEMENTATION_APPROVED → TEST_COMPLETE
[2026-07-27T23:25:43Z] auto-run: auto-commit triggered (step=tester, include_code=True)
[2026-07-27T23:25:43Z] commit-checkpoint: unstaged runtime garbage: ['runs/T041/daemon.lock', 'runs/T041/runtime.log', 'runs/T041/workflow-status.md']
[2026-07-27T23:25:43Z] commit-checkpoint: sha=412e4a16 files=3 title='test(T041/workflow): tester — update 3 file(s)'
[2026-07-27T23:25:43Z] auto-run: auto-push triggered
[2026-07-27T23:25:43Z] push: tolerating runtime dirty files (not blocking): ['runs/T041/daemon.lock', 'runs/T041/runtime.log', 'runs/T041/workflow-status.md']
[2026-07-27T23:25:43Z] push: pushing branch=ticket/T041-add-end-to-end-tests-for-the-complete-monthly-cra
[2026-07-27T23:25:45Z] push: done branch=ticket/T041-add-end-to-end-tests-for-the-complete-monthly-cra
[2026-07-27T23:25:45Z] auto-run: TEST_COMPLETE — running PR lifecycle
