[2026-07-28T06:42:36Z] auto-run start: state=INIT
[2026-07-28T06:42:36Z] auto-run: running step=planner
[2026-07-28T06:42:36Z] prompt: resolved=prompts/generic/planner.md source=generic
[2026-07-28T06:42:36Z] prompt: generic fallback — injecting runs/T058/ticket.md
[2026-07-28T06:42:36Z] compose: global-context=docs/ai/global-context.md
[2026-07-28T06:42:36Z] compose: role=ai/roles/planner.md
[2026-07-28T06:42:36Z] compose: skill=ai/skills/workflow-discipline.md
[2026-07-28T06:42:36Z] compose: skill=ai/skills/architecture-discipline.md
[2026-07-28T06:42:36Z] compose: skill=ai/skills/documentation.md
[2026-07-28T06:42:36Z] compose: task (canonical prompt)
[2026-07-28T06:42:36Z] snapshot: runtime-prompt=runs/T058/prompts/planner-attempt-1.md
[2026-07-28T06:45:34Z] auto-run: step=planner done rc=0
[2026-07-28T11:27:52Z] conflict-resolver: [pass 2/3] conflicted=['backend/src/test/java/com/timizerlike/cra/pdf/CraPdfGeneratorTest.java'] | staged=['backend/src/test/java/com/timizerlike/cra/pdf/CraPdfGeneratorTest.java'] | unresolved=[] | continue_rc=1 | next_source=[]
[2026-07-28T11:27:52Z] conflict-resolver: all conflicts resolved after 2 pass(es)
[2026-07-28T11:27:52Z] conflict-resolver: running tests
[2026-07-28T11:27:52Z] conflict-resolver: test-report written: runs/T058/conflict/test-report.md
[2026-07-28T11:27:52Z] conflict-resolver: staging and committing resolution artifacts
[2026-07-28T11:27:52Z] conflict-resolver: commit: sha=cd68a21a
[2026-07-28T11:27:52Z] conflict-resolver: git push --force-with-lease origin ticket/T058-use-a-rectangular-provider-signature-box-in-the-cr
[2026-07-28T11:27:54Z] conflict-resolver: push succeeded
[2026-07-28T11:27:54Z] conflict-resolver: state → CONFLICT_RESOLVED_REVIEW_NEEDED
[2026-07-28T11:27:54Z] auto-finalize-conflict: gate disabled for project='timizer-like'
[2026-07-28T11:27:54Z] conflict-resolver: transition CONFLICT_RESOLVED_REVIEW_NEEDED → TEST_COMPLETE (auto, PROJECT_SETTING)
[2026-07-28T11:27:54Z] auto-run: TEST_COMPLETE — running PR lifecycle
