[2026-07-27T16:56:38Z] auto-run start: state=INIT
[2026-07-27T16:56:38Z] auto-run: running step=planner
[2026-07-27T16:56:38Z] prompt: resolved=prompts/generic/planner.md source=generic
[2026-07-27T16:56:38Z] prompt: generic fallback — injecting runs/T037/ticket.md
[2026-07-27T16:56:38Z] compose: global-context=docs/ai/global-context.md
[2026-07-27T16:56:38Z] compose: role=ai/roles/planner.md
[2026-07-27T16:56:38Z] compose: skill=ai/skills/workflow-discipline.md
[2026-07-27T16:56:38Z] compose: skill=ai/skills/architecture-discipline.md
[2026-07-27T16:56:38Z] compose: skill=ai/skills/documentation.md
[2026-07-27T16:56:38Z] compose: task (canonical prompt)
[2026-07-27T16:56:38Z] snapshot: runtime-prompt=runs/T037/prompts/planner-attempt-1.md
[2026-07-27T17:00:18Z] compose: preferring on-disk runs/T037/plan.md over chatty stdout (agent Write beat meta-report)
[2026-07-27T17:00:18Z] auto-run: step=planner done rc=0
[2026-07-27T18:16:47Z] auto-run start: state=IMPLEMENTATION_APPROVED
[2026-07-27T18:16:47Z] auto-run: running step=tester
[2026-07-27T18:16:47Z] prompt: resolved=prompts/generic/tester.md source=generic
[2026-07-27T18:16:47Z] prompt: generic fallback — injecting runs/T037/ticket.md
[2026-07-27T18:16:47Z] compose: global-context=docs/ai/global-context.md
[2026-07-27T18:16:47Z] compose: role=ai/roles/tester.md
[2026-07-27T18:16:47Z] compose: skill=ai/skills/workflow-discipline.md
[2026-07-27T18:16:47Z] compose: skill=ai/skills/testing.md
[2026-07-27T18:16:47Z] compose: skill=ai/skills/debugging.md
[2026-07-27T18:16:47Z] compose: task (canonical prompt)
[2026-07-27T18:16:47Z] snapshot: runtime-prompt=runs/T037/prompts/tester-attempt-1.md
[2026-07-27T18:19:46Z] auto-run: step=tester done rc=0
[2026-07-27T18:19:46Z] auto-run: transition IMPLEMENTATION_APPROVED → TEST_COMPLETE
[2026-07-27T18:19:46Z] auto-run: auto-commit triggered (step=tester, include_code=True)
[2026-07-27T18:19:47Z] commit-checkpoint: unstaged runtime garbage: ['runs/T037/daemon.lock', 'runs/T037/runtime.log', 'runs/T037/workflow-status.md']
[2026-07-27T18:19:47Z] commit-checkpoint: sha=780514e6 files=5 title='test(T037/workflow): tester — update 5 file(s)'
[2026-07-27T18:19:47Z] auto-run: auto-push triggered
[2026-07-27T18:19:47Z] push: tolerating runtime dirty files (not blocking): ['runs/T037/daemon.lock', 'runs/T037/runtime.log', 'runs/T037/workflow-status.md']
[2026-07-27T18:19:47Z] push: pushing branch=ticket/T037-add-robust-loading-empty-success-and-error-states
[2026-07-27T18:19:49Z] push: done branch=ticket/T037-add-robust-loading-empty-success-and-error-states
[2026-07-27T18:19:49Z] auto-run: TEST_COMPLETE — running PR lifecycle
