[2026-07-27T13:18:50Z] auto-run start: state=INIT
[2026-07-27T13:18:50Z] auto-run: running step=planner
[2026-07-27T13:18:51Z] prompt: resolved=prompts/generic/planner.md source=generic
[2026-07-27T13:18:51Z] prompt: generic fallback — injecting runs/T032/ticket.md
[2026-07-27T13:18:51Z] compose: global-context=docs/ai/global-context.md
[2026-07-27T13:18:51Z] compose: role=ai/roles/planner.md
[2026-07-27T13:18:51Z] compose: skill=ai/skills/workflow-discipline.md
[2026-07-27T13:18:51Z] compose: skill=ai/skills/architecture-discipline.md
[2026-07-27T13:18:51Z] compose: skill=ai/skills/documentation.md
[2026-07-27T13:18:51Z] compose: task (canonical prompt)
[2026-07-27T13:18:51Z] snapshot: runtime-prompt=runs/T032/prompts/planner-attempt-1.md
[2026-07-27T13:19:35Z] auto-run: step=planner done rc=0
[2026-07-27T13:22:39Z] auto-run start: state=INIT
[2026-07-27T13:22:39Z] auto-run: running step=planner
[2026-07-27T13:22:39Z] prompt: resolved=prompts/generic/planner.md source=generic
[2026-07-27T13:22:39Z] prompt: generic fallback — injecting runs/T032/ticket.md
[2026-07-27T13:22:39Z] compose: global-context=docs/ai/global-context.md
[2026-07-27T13:22:39Z] compose: role=ai/roles/planner.md
[2026-07-27T13:22:39Z] compose: skill=ai/skills/workflow-discipline.md
[2026-07-27T13:22:39Z] compose: skill=ai/skills/architecture-discipline.md
[2026-07-27T13:22:39Z] compose: skill=ai/skills/documentation.md
[2026-07-27T13:22:39Z] compose: task (canonical prompt)
[2026-07-27T13:22:39Z] snapshot: runtime-prompt=runs/T032/prompts/planner-attempt-2.md
[2026-07-27T13:23:30Z] auto-run: step=planner done rc=0
[2026-07-27T13:26:28Z] auto-run start: state=INIT
[2026-07-27T13:26:28Z] auto-run: running step=planner
[2026-07-27T13:26:28Z] prompt: resolved=prompts/generic/planner.md source=generic
[2026-07-27T13:26:28Z] prompt: generic fallback — injecting runs/T032/ticket.md
[2026-07-27T13:26:28Z] compose: global-context=docs/ai/global-context.md
[2026-07-27T13:26:28Z] compose: role=ai/roles/planner.md
[2026-07-27T13:26:28Z] compose: skill=ai/skills/workflow-discipline.md
[2026-07-27T13:26:28Z] compose: skill=ai/skills/architecture-discipline.md
[2026-07-27T13:26:28Z] compose: skill=ai/skills/documentation.md
[2026-07-27T13:26:28Z] compose: task (canonical prompt)
[2026-07-27T13:26:28Z] snapshot: runtime-prompt=runs/T032/prompts/planner-attempt-3.md
[2026-07-27T13:27:26Z] auto-run: step=planner done rc=0
[2026-07-27T13:30:20Z] auto-run start: state=INIT
[2026-07-27T13:30:20Z] auto-run: running step=planner
[2026-07-27T13:30:20Z] prompt: resolved=prompts/generic/planner.md source=generic
[2026-07-27T13:30:20Z] prompt: generic fallback — injecting runs/T032/ticket.md
[2026-07-27T13:30:20Z] compose: global-context=docs/ai/global-context.md
[2026-07-27T13:30:20Z] compose: role=ai/roles/planner.md
[2026-07-27T13:30:20Z] compose: skill=ai/skills/workflow-discipline.md
[2026-07-27T13:30:20Z] compose: skill=ai/skills/architecture-discipline.md
[2026-07-27T13:30:20Z] compose: skill=ai/skills/documentation.md
[2026-07-27T13:30:20Z] compose: task (canonical prompt)
[2026-07-27T13:30:20Z] snapshot: runtime-prompt=runs/T032/prompts/planner-attempt-4.md
[2026-07-27T13:31:57Z] auto-run: step=planner done rc=0
[2026-07-27T13:35:24Z] auto-run start: state=INIT
[2026-07-27T13:35:24Z] auto-run: running step=planner
[2026-07-27T13:35:24Z] prompt: resolved=prompts/generic/planner.md source=generic
[2026-07-27T13:35:24Z] prompt: generic fallback — injecting runs/T032/ticket.md
[2026-07-27T13:35:24Z] compose: global-context=docs/ai/global-context.md
[2026-07-27T13:35:24Z] compose: role=ai/roles/planner.md
[2026-07-27T13:35:24Z] compose: skill=ai/skills/workflow-discipline.md
[2026-07-27T13:35:24Z] compose: skill=ai/skills/architecture-discipline.md
[2026-07-27T13:35:24Z] compose: skill=ai/skills/documentation.md
[2026-07-27T13:35:24Z] compose: task (canonical prompt)
[2026-07-27T13:35:24Z] snapshot: runtime-prompt=runs/T032/prompts/planner-attempt-5.md
[2026-07-27T13:36:34Z] auto-run: step=planner done rc=0
[2026-07-27T13:40:27Z] auto-run start: state=INIT
[2026-07-27T13:40:27Z] auto-run: running step=planner
[2026-07-27T13:40:27Z] prompt: resolved=prompts/generic/planner.md source=generic
[2026-07-27T13:40:27Z] prompt: generic fallback — injecting runs/T032/ticket.md
[2026-07-27T13:40:27Z] compose: global-context=docs/ai/global-context.md
[2026-07-27T13:40:27Z] compose: role=ai/roles/planner.md
[2026-07-27T13:40:27Z] compose: skill=ai/skills/workflow-discipline.md
[2026-07-27T13:40:27Z] compose: skill=ai/skills/architecture-discipline.md
[2026-07-27T13:40:27Z] compose: skill=ai/skills/documentation.md
[2026-07-27T13:40:27Z] compose: task (canonical prompt)
[2026-07-27T13:40:27Z] snapshot: runtime-prompt=runs/T032/prompts/planner-attempt-6.md
[2026-07-27T13:41:27Z] auto-run: step=planner done rc=0
[2026-07-27T13:45:29Z] auto-run start: state=INIT
[2026-07-27T13:45:29Z] auto-run: running step=planner
[2026-07-27T13:45:29Z] prompt: resolved=prompts/generic/planner.md source=generic
[2026-07-27T13:45:29Z] prompt: generic fallback — injecting runs/T032/ticket.md
[2026-07-27T13:45:29Z] compose: global-context=docs/ai/global-context.md
[2026-07-27T13:45:29Z] compose: role=ai/roles/planner.md
[2026-07-27T13:45:29Z] compose: skill=ai/skills/workflow-discipline.md
[2026-07-27T13:45:29Z] compose: skill=ai/skills/architecture-discipline.md
[2026-07-27T13:45:29Z] compose: skill=ai/skills/documentation.md
[2026-07-27T13:45:29Z] compose: task (canonical prompt)
[2026-07-27T13:45:29Z] snapshot: runtime-prompt=runs/T032/prompts/planner-attempt-7.md
[2026-07-27T13:47:09Z] auto-run: step=planner done rc=0
[2026-07-27T13:50:34Z] auto-run start: state=INIT
[2026-07-27T13:50:34Z] auto-run: running step=planner
[2026-07-27T13:50:34Z] prompt: resolved=prompts/generic/planner.md source=generic
[2026-07-27T13:50:34Z] prompt: generic fallback — injecting runs/T032/ticket.md
[2026-07-27T13:50:34Z] compose: global-context=docs/ai/global-context.md
[2026-07-27T13:50:34Z] compose: role=ai/roles/planner.md
[2026-07-27T13:50:34Z] compose: skill=ai/skills/workflow-discipline.md
[2026-07-27T13:50:34Z] compose: skill=ai/skills/architecture-discipline.md
[2026-07-27T13:50:34Z] compose: skill=ai/skills/documentation.md
[2026-07-27T13:50:34Z] compose: task (canonical prompt)
[2026-07-27T13:50:34Z] snapshot: runtime-prompt=runs/T032/prompts/planner-attempt-8.md
[2026-07-27T13:51:51Z] auto-run: step=planner done rc=0
[2026-07-27T13:55:36Z] auto-run start: state=INIT
[2026-07-27T13:55:36Z] auto-run: running step=planner
[2026-07-27T13:55:37Z] prompt: resolved=prompts/generic/planner.md source=generic
[2026-07-27T13:55:37Z] prompt: generic fallback — injecting runs/T032/ticket.md
[2026-07-27T13:55:37Z] compose: global-context=docs/ai/global-context.md
[2026-07-27T13:55:37Z] compose: role=ai/roles/planner.md
[2026-07-27T13:55:37Z] compose: skill=ai/skills/workflow-discipline.md
[2026-07-27T13:55:37Z] compose: skill=ai/skills/architecture-discipline.md
[2026-07-27T13:55:37Z] compose: skill=ai/skills/documentation.md
[2026-07-27T13:55:37Z] compose: task (canonical prompt)
[2026-07-27T13:55:37Z] snapshot: runtime-prompt=runs/T032/prompts/planner-attempt-9.md
[2026-07-27T13:56:36Z] auto-run: step=planner done rc=0
