[2026-07-27T16:56:43Z] auto-run start: state=INIT
[2026-07-27T16:56:43Z] auto-run: running step=planner
[2026-07-27T16:56:43Z] prompt: resolved=prompts/generic/planner.md source=generic
[2026-07-27T16:56:43Z] prompt: generic fallback — injecting runs/T038/ticket.md
[2026-07-27T16:56:43Z] compose: global-context=docs/ai/global-context.md
[2026-07-27T16:56:43Z] compose: role=ai/roles/planner.md
[2026-07-27T16:56:43Z] compose: skill=ai/skills/workflow-discipline.md
[2026-07-27T16:56:43Z] compose: skill=ai/skills/architecture-discipline.md
[2026-07-27T16:56:43Z] compose: skill=ai/skills/documentation.md
[2026-07-27T16:56:43Z] compose: task (canonical prompt)
[2026-07-27T16:56:43Z] snapshot: runtime-prompt=runs/T038/prompts/planner-attempt-1.md
[2026-07-27T17:00:12Z] auto-run: step=planner done rc=0
[2026-07-27T17:12:52Z] auto-run start: state=IMPLEMENTATION_APPROVED
[2026-07-27T17:12:52Z] auto-run: running step=tester
[2026-07-27T17:12:52Z] prompt: resolved=prompts/generic/tester.md source=generic
[2026-07-27T17:12:52Z] prompt: generic fallback — injecting runs/T038/ticket.md
[2026-07-27T17:12:52Z] compose: global-context=docs/ai/global-context.md
[2026-07-27T17:12:52Z] compose: role=ai/roles/tester.md
[2026-07-27T17:12:52Z] compose: skill=ai/skills/workflow-discipline.md
[2026-07-27T17:12:52Z] compose: skill=ai/skills/testing.md
[2026-07-27T17:12:52Z] compose: skill=ai/skills/debugging.md
[2026-07-27T17:12:52Z] compose: task (canonical prompt)
[2026-07-27T17:12:52Z] snapshot: runtime-prompt=runs/T038/prompts/tester-attempt-1.md
[2026-07-27T17:15:16Z] auto-run: step=tester done rc=0
[2026-07-27T17:15:16Z] auto-run: transition IMPLEMENTATION_APPROVED → TEST_COMPLETE
[2026-07-27T17:15:16Z] auto-run: auto-commit triggered (step=tester, include_code=True)
[2026-07-27T17:15:17Z] commit-checkpoint: unstaged runtime garbage: ['runs/T038/daemon.lock', 'runs/T038/runtime.log', 'runs/T038/workflow-status.md']
[2026-07-27T17:15:17Z] commit-checkpoint: sha=e0ae7f5d files=5 title='test(T038/workflow): tester — update 5 file(s)'
[2026-07-27T17:15:17Z] auto-run: auto-push triggered
[2026-07-27T17:15:17Z] push: tolerating runtime dirty files (not blocking): ['runs/T038/daemon.lock', 'runs/T038/runtime.log', 'runs/T038/workflow-status.md']
[2026-07-27T17:15:17Z] push: pushing branch=ticket/T038-redesign-the-cra-summary-and-monthly-validation-pa
[2026-07-27T17:15:19Z] push: done branch=ticket/T038-redesign-the-cra-summary-and-monthly-validation-pa
[2026-07-27T17:15:19Z] auto-run: TEST_COMPLETE — running PR lifecycle
