[2026-07-31T22:37:44Z] auto-run start: state=INIT
[2026-07-31T22:37:44Z] auto-run: running step=planner
[2026-07-31T22:37:44Z] prompt: resolved=prompts/generic/planner.md source=generic
[2026-07-31T22:37:44Z] prompt: generic fallback — injecting runs/T068/ticket.md
[2026-07-31T22:37:44Z] compose: global-context=docs/ai/global-context.md
[2026-07-31T22:37:44Z] compose: role=ai/roles/planner.md
[2026-07-31T22:37:44Z] compose: skill=ai/skills/workflow-discipline.md
[2026-07-31T22:37:44Z] compose: skill=ai/skills/architecture-discipline.md
[2026-07-31T22:37:44Z] compose: skill=ai/skills/documentation.md
[2026-07-31T22:37:44Z] compose: task (canonical prompt)
[2026-07-31T22:37:44Z] snapshot: runtime-prompt=runs/T068/prompts/planner-attempt-1.md
[2026-07-31T22:45:48Z] compose: preferring on-disk runs/T068/plan.md over chatty stdout (agent Write beat meta-report)
[2026-07-31T22:45:48Z] auto-run: step=planner done rc=0
[2026-07-31T23:26:41Z] auto-run start: state=IMPLEMENTATION_APPROVED
[2026-07-31T23:26:41Z] auto-run: running step=tester
[2026-07-31T23:26:41Z] prompt: resolved=prompts/generic/tester.md source=generic
[2026-07-31T23:26:41Z] prompt: generic fallback — injecting runs/T068/ticket.md
[2026-07-31T23:26:41Z] compose: global-context=docs/ai/global-context.md
[2026-07-31T23:26:41Z] compose: role=ai/roles/tester.md
[2026-07-31T23:26:41Z] compose: skill=ai/skills/workflow-discipline.md
[2026-07-31T23:26:41Z] compose: skill=ai/skills/testing.md
[2026-07-31T23:26:41Z] compose: skill=ai/skills/debugging.md
[2026-07-31T23:26:41Z] compose: task (canonical prompt)
[2026-07-31T23:26:41Z] snapshot: runtime-prompt=runs/T068/prompts/tester-attempt-1.md
[2026-07-31T23:38:38Z] auto-run: step=tester done rc=0
[2026-07-31T23:38:38Z] auto-run: transition IMPLEMENTATION_APPROVED → TEST_COMPLETE
[2026-07-31T23:38:38Z] auto-run: auto-commit triggered (step=tester, include_code=True)
[2026-07-31T23:38:38Z] commit-checkpoint: unstaged runtime garbage: ['runs/T068/daemon.lock', 'runs/T068/runtime.log', 'runs/T068/workflow-status.md']
[2026-07-31T23:38:38Z] commit-checkpoint: sha=9e982724 files=66 title='test(T068/workflow): tester — update 66 file(s)'
[2026-07-31T23:38:38Z] auto-run: auto-push triggered
[2026-07-31T23:38:38Z] push: tolerating runtime dirty files (not blocking): ['runs/T068/daemon.lock', 'runs/T068/runtime.log', 'runs/T068/workflow-status.md']
[2026-07-31T23:38:38Z] push: pushing branch=ticket/T068-render-stored-consultant-and-client-signatures-in
[2026-07-31T23:38:42Z] push: done branch=ticket/T068-render-stored-consultant-and-client-signatures-in
[2026-07-31T23:38:42Z] auto-run: TEST_COMPLETE — running PR lifecycle
[2026-08-01T02:47:56Z] conflict-resolver: [pass 1/3] conflicted=['backend/src/main/java/com/timizer/backend/cra/MonthlyCraReport.java', 'backend/src/main/java/com/timizerlike/backend/cra/web/CraSignatureController.java', 'backend/src/main/java/com/timizerlike/cra/pdf/CraPdfGenerator.java', 'backend/src/main/java/com/timizerlike/cra/service/ClientSignatureService.java', 'backend/src/main/java/com/timizerlike/cra/service/CraClientSignService.java', 'backend/src/main/java/com/timizerlike/cra/service/CraSignatureTransitionService.java', 'backend/src/test/java/com/timizerlike/backend/cra/integration/CraSignatureWorkflowIntegrationTest.java', 'backend/src/test/java/com/timizerlike/cra/pdf/CraPdfGeneratorTest.java', 'backend/src/test/java/com/timizerlike/cra/service/CraSignatureTransitionServiceTest.java'] | staged=['backend/src/main/java/com/timizer/backend/cra/MonthlyCraReport.java', 'backend/src/main/java/com/timizerlike/backend/cra/web/CraSignatureController.java', 'backend/src/main/java/com/timizerlike/cra/pdf/CraPdfGenerator.java', 'backend/src/main/java/com/timizerlike/cra/service/ClientSignatureService.java', 'backend/src/main/java/com/timizerlike/cra/service/CraClientSignService.java', 'backend/src/main/java/com/timizerlike/cra/service/CraSignatureTransitionService.java', 'backend/src/test/java/com/timizerlike/backend/cra/integration/CraSignatureWorkflowIntegrationTest.java', 'backend/src/test/java/com/timizerlike/cra/pdf/CraPdfGeneratorTest.java', 'backend/src/test/java/com/timizerlike/cra/service/CraSignatureTransitionServiceTest.java'] | unresolved=[] | continue_rc=1 | next_source=[]
[2026-08-01T02:47:56Z] conflict-resolver: all conflicts resolved after 1 pass(es)
[2026-08-01T02:47:56Z] conflict-resolver: running tests
[2026-08-01T02:47:56Z] conflict-resolver: test-report written: runs/T068/conflict/test-report.md
[2026-08-01T02:47:56Z] conflict-resolver: staging and committing resolution artifacts
[2026-08-01T02:47:56Z] conflict-resolver: commit: sha=8eb4e528
[2026-08-01T02:47:56Z] conflict-resolver: git push --force-with-lease origin ticket/T068-render-stored-consultant-and-client-signatures-in
[2026-08-01T02:47:58Z] conflict-resolver: push succeeded
[2026-08-01T02:47:58Z] conflict-resolver: state → CONFLICT_RESOLVED_REVIEW_NEEDED
[2026-08-01T02:47:58Z] auto-finalize-conflict: gate disabled for project='timizer-like'
[2026-08-01T02:47:58Z] conflict-resolver: transition CONFLICT_RESOLVED_REVIEW_NEEDED → TEST_COMPLETE (auto, PROJECT_SETTING)
[2026-08-01T02:47:58Z] auto-run: TEST_COMPLETE — running PR lifecycle
