[2026-07-29T17:58:26Z] auto-run start: state=INIT
[2026-07-29T17:58:26Z] auto-run: running step=planner
[2026-07-29T17:58:26Z] prompt: resolved=prompts/generic/planner.md source=generic
[2026-07-29T17:58:26Z] prompt: generic fallback — injecting runs/T063/ticket.md
[2026-07-29T17:58:26Z] compose: global-context=docs/ai/global-context.md
[2026-07-29T17:58:26Z] compose: role=ai/roles/planner.md
[2026-07-29T17:58:26Z] compose: skill=ai/skills/workflow-discipline.md
[2026-07-29T17:58:26Z] compose: skill=ai/skills/architecture-discipline.md
[2026-07-29T17:58:26Z] compose: skill=ai/skills/documentation.md
[2026-07-29T17:58:26Z] compose: task (canonical prompt)
[2026-07-29T17:58:26Z] snapshot: runtime-prompt=runs/T063/prompts/planner-attempt-1.md
[2026-07-29T18:01:16Z] compose: preferring on-disk runs/T063/plan.md over chatty stdout (agent Write beat meta-report)
[2026-07-29T18:01:16Z] auto-run: step=planner done rc=0
[2026-07-29T18:31:30Z] auto-run start: state=IMPLEMENTATION_APPROVED
[2026-07-29T18:31:30Z] auto-run: running step=tester
[2026-07-29T18:31:30Z] prompt: resolved=prompts/generic/tester.md source=generic
[2026-07-29T18:31:30Z] prompt: generic fallback — injecting runs/T063/ticket.md
[2026-07-29T18:31:30Z] compose: global-context=docs/ai/global-context.md
[2026-07-29T18:31:30Z] compose: role=ai/roles/tester.md
[2026-07-29T18:31:30Z] compose: skill=ai/skills/workflow-discipline.md
[2026-07-29T18:31:30Z] compose: skill=ai/skills/testing.md
[2026-07-29T18:31:30Z] compose: skill=ai/skills/debugging.md
[2026-07-29T18:31:30Z] compose: task (canonical prompt)
[2026-07-29T18:31:30Z] snapshot: runtime-prompt=runs/T063/prompts/tester-attempt-1.md
[2026-07-29T18:33:15Z] auto-run: step=tester done rc=0
[2026-07-29T18:33:15Z] auto-run: transition IMPLEMENTATION_APPROVED → TEST_COMPLETE
[2026-07-29T18:33:15Z] auto-run: auto-commit triggered (step=tester, include_code=True)
[2026-07-29T18:33:15Z] commit-checkpoint: unstaged runtime garbage: ['runs/T063/daemon.lock', 'runs/T063/runtime.log', 'runs/T063/workflow-status.md']
[2026-07-29T18:33:15Z] commit-checkpoint: sha=61642734 files=5 title='test(T063/workflow): tester — update 5 file(s)'
[2026-07-29T18:33:15Z] auto-run: auto-push triggered
[2026-07-29T18:33:15Z] push: tolerating runtime dirty files (not blocking): ['runs/T063/daemon.lock', 'runs/T063/runtime.log', 'runs/T063/workflow-status.md']
[2026-07-29T18:33:15Z] push: pushing branch=ticket/T063-move-application-navigation-to-a-responsive-left-s
[2026-07-29T18:33:17Z] push: done branch=ticket/T063-move-application-navigation-to-a-responsive-left-s
[2026-07-29T18:33:18Z] auto-run: TEST_COMPLETE — running PR lifecycle
