[2026-07-28T21:01:21Z] auto-run start: state=INIT
[2026-07-28T21:01:21Z] auto-run: running step=planner
[2026-07-28T21:01:21Z] prompt: resolved=prompts/generic/planner.md source=generic
[2026-07-28T21:01:21Z] prompt: generic fallback — injecting runs/T054/ticket.md
[2026-07-28T21:01:21Z] compose: global-context=docs/ai/global-context.md
[2026-07-28T21:01:21Z] compose: role=ai/roles/planner.md
[2026-07-28T21:01:21Z] compose: skill=ai/skills/workflow-discipline.md
[2026-07-28T21:01:21Z] compose: skill=ai/skills/architecture-discipline.md
[2026-07-28T21:01:21Z] compose: skill=ai/skills/documentation.md
[2026-07-28T21:01:21Z] compose: task (canonical prompt)
[2026-07-28T21:01:21Z] snapshot: runtime-prompt=runs/T054/prompts/planner-attempt-1.md
[2026-07-28T21:07:19Z] compose: preferring on-disk runs/T054/plan.md over chatty stdout (agent Write beat meta-report)
[2026-07-28T21:07:19Z] auto-run: step=planner done rc=0
[2026-07-28T22:27:39Z] auto-run start: state=IMPLEMENTATION_APPROVED
[2026-07-28T22:27:39Z] auto-run: running step=tester
[2026-07-28T22:27:39Z] prompt: resolved=prompts/generic/tester.md source=generic
[2026-07-28T22:27:39Z] prompt: generic fallback — injecting runs/T054/ticket.md
[2026-07-28T22:27:39Z] compose: global-context=docs/ai/global-context.md
[2026-07-28T22:27:39Z] compose: role=ai/roles/tester.md
[2026-07-28T22:27:39Z] compose: skill=ai/skills/workflow-discipline.md
[2026-07-28T22:27:39Z] compose: skill=ai/skills/testing.md
[2026-07-28T22:27:39Z] compose: skill=ai/skills/debugging.md
[2026-07-28T22:27:39Z] compose: task (canonical prompt)
[2026-07-28T22:27:39Z] snapshot: runtime-prompt=runs/T054/prompts/tester-attempt-1.md
[2026-07-28T22:36:30Z] auto-run: step=tester done rc=0
[2026-07-28T22:36:30Z] auto-run: transition IMPLEMENTATION_APPROVED → TEST_COMPLETE
[2026-07-28T22:36:30Z] auto-run: auto-commit triggered (step=tester, include_code=True)
[2026-07-28T22:36:31Z] commit-checkpoint: unstaged runtime garbage: ['runs/T054/daemon.lock', 'runs/T054/runtime.log', 'runs/T054/workflow-status.md']
[2026-07-28T22:36:31Z] commit-checkpoint: sha=08db1466 files=101 title='test(T054/workflow): tester — update 101 file(s)'
[2026-07-28T22:36:31Z] auto-run: auto-push triggered
[2026-07-28T22:36:31Z] push: tolerating runtime dirty files (not blocking): ['runs/T054/daemon.lock', 'runs/T054/runtime.log', 'runs/T054/workflow-status.md']
[2026-07-28T22:36:31Z] push: pushing branch=ticket/T054-add-client-signature-capture-and-approval-page
[2026-07-28T22:36:34Z] push: done branch=ticket/T054-add-client-signature-capture-and-approval-page
[2026-07-28T22:36:35Z] auto-run: TEST_COMPLETE — running PR lifecycle
[2026-07-28T22:37:51Z] conflict-resolver: rebase clean — no conflicts
[2026-07-28T22:37:51Z] conflict-resolver: running tests
[2026-07-28T22:37:51Z] conflict-resolver: test-report written: runs/T054/conflict/test-report.md
[2026-07-28T22:37:51Z] conflict-resolver: staging and committing resolution artifacts
