[2026-08-05T20:31:45Z] auto-run start: state=INIT
[2026-08-05T20:31:45Z] auto-run: running step=planner
[2026-08-05T20:31:45Z] prompt: resolved=prompts/generic/planner.md source=generic
[2026-08-05T20:31:45Z] prompt: generic fallback — injecting runs/T077/ticket.md
[2026-08-05T20:31:45Z] compose: global-context=docs/ai/global-context.md
[2026-08-05T20:31:45Z] compose: role=ai/roles/planner.md
[2026-08-05T20:31:45Z] compose: skill=ai/skills/workflow-discipline.md
[2026-08-05T20:31:45Z] compose: skill=ai/skills/architecture-discipline.md
[2026-08-05T20:31:45Z] compose: skill=ai/skills/documentation.md
[2026-08-05T20:31:45Z] compose: task (canonical prompt)
[2026-08-05T20:31:45Z] snapshot: runtime-prompt=runs/T077/prompts/planner-attempt-1.md
[2026-08-05T20:36:22Z] auto-run: step=planner done rc=0
[2026-08-05T21:10:27Z] auto-run start: state=IMPLEMENTATION_APPROVED
[2026-08-05T21:10:27Z] auto-run: running step=tester
[2026-08-05T21:10:27Z] prompt: resolved=prompts/generic/tester.md source=generic
[2026-08-05T21:10:27Z] prompt: generic fallback — injecting runs/T077/ticket.md
[2026-08-05T21:10:27Z] compose: global-context=docs/ai/global-context.md
[2026-08-05T21:10:27Z] compose: role=ai/roles/tester.md
[2026-08-05T21:10:27Z] compose: skill=ai/skills/workflow-discipline.md
[2026-08-05T21:10:27Z] compose: skill=ai/skills/testing.md
[2026-08-05T21:10:27Z] compose: skill=ai/skills/debugging.md
[2026-08-05T21:10:27Z] compose: task (canonical prompt)
[2026-08-05T21:10:27Z] snapshot: runtime-prompt=runs/T077/prompts/tester-attempt-1.md
[2026-08-05T21:14:20Z] auto-run: step=tester done rc=0
[2026-08-05T21:14:20Z] auto-run: transition IMPLEMENTATION_APPROVED → TEST_COMPLETE
[2026-08-05T21:14:20Z] auto-run: auto-commit triggered (step=tester, include_code=True)
[2026-08-05T21:14:21Z] commit-checkpoint: unstaged runtime garbage: ['runs/T077/daemon.lock', 'runs/T077/runtime.log', 'runs/T077/workflow-status.md']
[2026-08-05T21:14:21Z] commit-checkpoint: sha=f9bf12b3 files=64 title='test(T077/workflow): tester — update 64 file(s)'
[2026-08-05T21:14:21Z] auto-run: auto-push triggered
[2026-08-05T21:14:21Z] push: tolerating runtime dirty files (not blocking): ['runs/T077/daemon.lock', 'runs/T077/runtime.log', 'runs/T077/workflow-status.md']
[2026-08-05T21:14:21Z] push: pushing branch=ticket/T077-make-client-signed-cra-status-final-and-immutable
[2026-08-05T21:14:25Z] push: done branch=ticket/T077-make-client-signed-cra-status-final-and-immutable
[2026-08-05T21:14:25Z] auto-run: TEST_COMPLETE — running PR lifecycle
[2026-08-05T21:15:21Z] conflict-resolver: rebase clean — no conflicts
[2026-08-05T21:15:21Z] conflict-resolver: running tests
[2026-08-05T21:15:21Z] conflict-resolver: test-report written: runs/T077/conflict/test-report.md
[2026-08-05T21:15:21Z] conflict-resolver: staging and committing resolution artifacts
[2026-08-05T21:15:21Z] conflict-resolver: commit: sha=f19c8a1d
[2026-08-05T21:15:21Z] conflict-resolver: git push --force-with-lease origin ticket/T077-make-client-signed-cra-status-final-and-immutable
[2026-08-05T21:15:23Z] conflict-resolver: push succeeded
[2026-08-05T21:15:23Z] conflict-resolver: state → CONFLICT_RESOLVED_REVIEW_NEEDED
[2026-08-05T21:15:23Z] auto-finalize-conflict: gate disabled for project='timizer-like'
[2026-08-05T21:15:23Z] conflict-resolver: transition CONFLICT_RESOLVED_REVIEW_NEEDED → TEST_COMPLETE (auto, PROJECT_SETTING)
[2026-08-05T21:15:24Z] auto-run: TEST_COMPLETE — running PR lifecycle
