[2026-07-28T18:14:41Z] auto-run start: state=INIT
[2026-07-28T18:14:42Z] auto-run: running step=planner
[2026-07-28T18:14:42Z] prompt: resolved=prompts/generic/planner.md source=generic
[2026-07-28T18:14:42Z] prompt: generic fallback — injecting runs/T053/ticket.md
[2026-07-28T18:14:42Z] compose: global-context=docs/ai/global-context.md
[2026-07-28T18:14:42Z] compose: role=ai/roles/planner.md
[2026-07-28T18:14:42Z] compose: skill=ai/skills/workflow-discipline.md
[2026-07-28T18:14:42Z] compose: skill=ai/skills/architecture-discipline.md
[2026-07-28T18:14:42Z] compose: skill=ai/skills/documentation.md
[2026-07-28T18:14:42Z] compose: task (canonical prompt)
[2026-07-28T18:14:42Z] snapshot: runtime-prompt=runs/T053/prompts/planner-attempt-1.md
[2026-07-28T18:18:24Z] auto-run: step=planner done rc=0
[2026-07-28T20:35:04Z] auto-run start: state=IMPLEMENTATION_APPROVED
[2026-07-28T20:35:04Z] auto-run: running step=tester
[2026-07-28T20:35:05Z] prompt: resolved=prompts/generic/tester.md source=generic
[2026-07-28T20:35:05Z] prompt: generic fallback — injecting runs/T053/ticket.md
[2026-07-28T20:35:05Z] compose: global-context=docs/ai/global-context.md
[2026-07-28T20:35:05Z] compose: role=ai/roles/tester.md
[2026-07-28T20:35:05Z] compose: skill=ai/skills/workflow-discipline.md
[2026-07-28T20:35:05Z] compose: skill=ai/skills/testing.md
[2026-07-28T20:35:05Z] compose: skill=ai/skills/debugging.md
[2026-07-28T20:35:05Z] compose: task (canonical prompt)
[2026-07-28T20:35:05Z] snapshot: runtime-prompt=runs/T053/prompts/tester-attempt-1.md
[2026-07-28T20:39:32Z] auto-run: step=tester done rc=0
[2026-07-28T20:39:32Z] auto-run: transition IMPLEMENTATION_APPROVED → TEST_COMPLETE
[2026-07-28T20:39:32Z] auto-run: auto-commit triggered (step=tester, include_code=True)
[2026-07-28T20:39:33Z] commit-checkpoint: unstaged runtime garbage: ['runs/T053/daemon.lock', 'runs/T053/runtime.log', 'runs/T053/workflow-status.md']
[2026-07-28T20:39:33Z] commit-checkpoint: sha=5f0afd8e files=44 title='test(T053/workflow): tester — update 44 file(s)'
[2026-07-28T20:39:33Z] auto-run: auto-push triggered
[2026-07-28T20:39:33Z] push: tolerating runtime dirty files (not blocking): ['runs/T053/daemon.lock', 'runs/T053/runtime.log', 'runs/T053/workflow-status.md']
[2026-07-28T20:39:33Z] push: pushing branch=ticket/T053-create-a-secure-public-client-signature-link-for-a
[2026-07-28T20:39:36Z] push: done branch=ticket/T053-create-a-secure-public-client-signature-link-for-a
[2026-07-28T20:39:36Z] auto-run: TEST_COMPLETE — running PR lifecycle
[2026-07-28T20:49:01Z] conflict-resolver: [pass 1/3] conflicted=['backend/src/main/java/com/timizerlike/backend/cra/web/CraApiExceptionHandler.java', 'backend/src/test/java/com/timizer/backend/cra/api/CraControllerTest.java', 'frontend/package-lock.json', 'frontend/package.json', 'frontend/src/api/apiError.ts', 'frontend/src/api/httpClient.ts'] | staged=['backend/src/main/java/com/timizerlike/backend/cra/web/CraApiExceptionHandler.java', 'backend/src/test/java/com/timizer/backend/cra/api/CraControllerTest.java', 'frontend/package-lock.json', 'frontend/package.json', 'frontend/src/api/apiError.ts', 'frontend/src/api/httpClient.ts'] | unresolved=[] | continue_rc=1 | next_source=[]
[2026-07-28T20:49:01Z] conflict-resolver: all conflicts resolved after 1 pass(es)
[2026-07-28T20:49:01Z] conflict-resolver: running tests
[2026-07-28T20:49:01Z] conflict-resolver: test-report written: runs/T053/conflict/test-report.md
[2026-07-28T20:49:01Z] conflict-resolver: staging and committing resolution artifacts
[2026-07-28T20:49:01Z] conflict-resolver: commit: sha=a11c1be8
[2026-07-28T20:49:01Z] conflict-resolver: git push --force-with-lease origin ticket/T053-create-a-secure-public-client-signature-link-for-a
[2026-07-28T20:49:03Z] conflict-resolver: push succeeded
[2026-07-28T20:49:03Z] conflict-resolver: state → CONFLICT_RESOLVED_REVIEW_NEEDED
[2026-07-28T20:49:04Z] auto-finalize-conflict: gate disabled for project='timizer-like'
[2026-07-28T20:49:04Z] conflict-resolver: transition CONFLICT_RESOLVED_REVIEW_NEEDED → TEST_COMPLETE (auto, PROJECT_SETTING)
[2026-07-28T20:49:04Z] auto-run: TEST_COMPLETE — running PR lifecycle
