[2026-07-27T20:08:16Z] auto-run start: state=INIT
[2026-07-27T20:08:17Z] auto-run: running step=planner
[2026-07-27T20:08:17Z] prompt: resolved=prompts/generic/planner.md source=generic
[2026-07-27T20:08:17Z] prompt: generic fallback — injecting runs/T040/ticket.md
[2026-07-27T20:08:17Z] compose: global-context=docs/ai/global-context.md
[2026-07-27T20:08:17Z] compose: role=ai/roles/planner.md
[2026-07-27T20:08:17Z] compose: skill=ai/skills/workflow-discipline.md
[2026-07-27T20:08:17Z] compose: skill=ai/skills/architecture-discipline.md
[2026-07-27T20:08:17Z] compose: skill=ai/skills/documentation.md
[2026-07-27T20:08:17Z] compose: task (canonical prompt)
[2026-07-27T20:08:17Z] snapshot: runtime-prompt=runs/T040/prompts/planner-attempt-1.md
[2026-07-27T20:13:37Z] compose: preferring on-disk runs/T040/plan.md over chatty stdout (agent Write beat meta-report)
[2026-07-27T20:13:37Z] auto-run: step=planner done rc=0
[2026-07-27T20:33:48Z] auto-run start: state=IMPLEMENTATION_APPROVED
[2026-07-27T20:33:48Z] auto-run: running step=tester
[2026-07-27T20:33:48Z] prompt: resolved=prompts/generic/tester.md source=generic
[2026-07-27T20:33:48Z] prompt: generic fallback — injecting runs/T040/ticket.md
[2026-07-27T20:33:48Z] compose: global-context=docs/ai/global-context.md
[2026-07-27T20:33:48Z] compose: role=ai/roles/tester.md
[2026-07-27T20:33:48Z] compose: skill=ai/skills/workflow-discipline.md
[2026-07-27T20:33:48Z] compose: skill=ai/skills/testing.md
[2026-07-27T20:33:48Z] compose: skill=ai/skills/debugging.md
[2026-07-27T20:33:48Z] compose: task (canonical prompt)
[2026-07-27T20:33:48Z] snapshot: runtime-prompt=runs/T040/prompts/tester-attempt-1.md
[2026-07-27T20:35:53Z] auto-run: step=tester done rc=0
[2026-07-27T20:35:53Z] auto-run: transition IMPLEMENTATION_APPROVED → TEST_COMPLETE
[2026-07-27T20:35:53Z] auto-run: auto-commit triggered (step=tester, include_code=True)
[2026-07-27T20:35:53Z] commit-checkpoint: unstaged runtime garbage: ['runs/T040/daemon.lock', 'runs/T040/runtime.log', 'runs/T040/workflow-status.md']
[2026-07-27T20:35:53Z] commit-checkpoint: sha=13e9138b files=5 title='test(T040/workflow): tester — update 5 file(s)'
[2026-07-27T20:35:53Z] auto-run: auto-push triggered
[2026-07-27T20:35:53Z] push: tolerating runtime dirty files (not blocking): ['runs/T040/daemon.lock', 'runs/T040/runtime.log', 'runs/T040/workflow-status.md']
[2026-07-27T20:35:53Z] push: pushing branch=ticket/T040-fix-frontend-runtime-errors-react-warnings-and-fai
[2026-07-27T20:35:55Z] push: done branch=ticket/T040-fix-frontend-runtime-errors-react-warnings-and-fai
[2026-07-27T20:35:55Z] auto-run: TEST_COMPLETE — running PR lifecycle
[2026-07-27T20:40:12Z] conflict-resolver: [pass 1/3] conflicted=['frontend/src/App.tsx', 'frontend/src/components/CraHistory/CraHistory.tsx', 'frontend/src/components/CraMonthSelector/CraMonthSelector.tsx'] | staged=['frontend/src/App.tsx', 'frontend/src/components/CraHistory/CraHistory.tsx', 'frontend/src/components/CraMonthSelector/CraMonthSelector.tsx'] | unresolved=[] | continue_rc=1 | next_source=[]
[2026-07-27T20:40:12Z] conflict-resolver: all conflicts resolved after 1 pass(es)
[2026-07-27T20:40:12Z] conflict-resolver: running tests
[2026-07-27T20:40:12Z] conflict-resolver: test-report written: runs/T040/conflict/test-report.md
[2026-07-27T20:40:12Z] conflict-resolver: staging and committing resolution artifacts
