[2026-07-28T06:05:41Z] auto-run start: state=INIT
[2026-07-28T06:05:42Z] auto-run: running step=planner
[2026-07-28T06:05:42Z] prompt: resolved=prompts/generic/planner.md source=generic
[2026-07-28T06:05:42Z] prompt: generic fallback — injecting runs/T048/ticket.md
[2026-07-28T06:05:42Z] compose: global-context=docs/ai/global-context.md
[2026-07-28T06:05:42Z] compose: role=ai/roles/planner.md
[2026-07-28T06:05:42Z] compose: skill=ai/skills/workflow-discipline.md
[2026-07-28T06:05:42Z] compose: skill=ai/skills/architecture-discipline.md
[2026-07-28T06:05:42Z] compose: skill=ai/skills/documentation.md
[2026-07-28T06:05:42Z] compose: task (canonical prompt)
[2026-07-28T06:05:42Z] snapshot: runtime-prompt=runs/T048/prompts/planner-attempt-1.md
[2026-07-28T06:08:34Z] auto-run: step=planner done rc=0
[2026-07-28T06:32:31Z] conflict-resolver: [pass 1/3] conflicted=['frontend/src/components/CalendarGrid/CalendarGrid.css', 'frontend/src/components/CraSummaryPanel/CraSummaryPanel.css'] | staged=['frontend/src/components/CalendarGrid/CalendarGrid.css', 'frontend/src/components/CraSummaryPanel/CraSummaryPanel.css'] | unresolved=[] | continue_rc=1 | next_source=[]
[2026-07-28T06:32:31Z] conflict-resolver: all conflicts resolved after 1 pass(es)
[2026-07-28T06:32:31Z] conflict-resolver: running tests
[2026-07-28T06:32:31Z] conflict-resolver: test-report written: runs/T048/conflict/test-report.md
[2026-07-28T06:32:31Z] conflict-resolver: staging and committing resolution artifacts
[2026-07-28T06:32:31Z] conflict-resolver: commit: sha=04a9d81b
[2026-07-28T06:32:31Z] conflict-resolver: git push --force-with-lease origin ticket/T048-modernize-page-titles-section-headings-and-content
[2026-07-28T06:32:33Z] conflict-resolver: push succeeded
[2026-07-28T06:32:33Z] conflict-resolver: state → CONFLICT_RESOLVED_REVIEW_NEEDED
[2026-07-28T06:32:33Z] auto-finalize-conflict: gate disabled for project='timizer-like'
[2026-07-28T06:32:33Z] conflict-resolver: transition CONFLICT_RESOLVED_REVIEW_NEEDED → TEST_COMPLETE (auto, PROJECT_SETTING)
[2026-07-28T06:32:33Z] auto-run: TEST_COMPLETE — running PR lifecycle
