[2026-07-27T20:40:43Z] auto-run start: state=INIT
[2026-07-27T20:40:43Z] auto-run: running step=planner
[2026-07-27T20:40:43Z] prompt: resolved=prompts/generic/planner.md source=generic
[2026-07-27T20:40:43Z] prompt: generic fallback — injecting runs/T044/ticket.md
[2026-07-27T20:40:43Z] compose: global-context=docs/ai/global-context.md
[2026-07-27T20:40:43Z] compose: role=ai/roles/planner.md
[2026-07-27T20:40:43Z] compose: skill=ai/skills/workflow-discipline.md
[2026-07-27T20:40:43Z] compose: skill=ai/skills/architecture-discipline.md
[2026-07-27T20:40:43Z] compose: skill=ai/skills/documentation.md
[2026-07-27T20:40:43Z] compose: task (canonical prompt)
[2026-07-27T20:40:43Z] snapshot: runtime-prompt=runs/T044/prompts/planner-attempt-1.md
[2026-07-27T20:42:31Z] auto-run: step=planner done rc=0
[2026-07-27T23:27:37Z] auto-run start: state=IMPLEMENTATION_APPROVED
[2026-07-27T23:27:37Z] auto-run: running step=tester
[2026-07-27T23:27:37Z] prompt: resolved=prompts/generic/tester.md source=generic
[2026-07-27T23:27:37Z] prompt: generic fallback — injecting runs/T044/ticket.md
[2026-07-27T23:27:37Z] compose: global-context=docs/ai/global-context.md
[2026-07-27T23:27:37Z] compose: role=ai/roles/tester.md
[2026-07-27T23:27:37Z] compose: skill=ai/skills/workflow-discipline.md
[2026-07-27T23:27:37Z] compose: skill=ai/skills/testing.md
[2026-07-27T23:27:37Z] compose: skill=ai/skills/debugging.md
[2026-07-27T23:27:37Z] compose: task (canonical prompt)
[2026-07-27T23:27:37Z] snapshot: runtime-prompt=runs/T044/prompts/tester-attempt-1.md
[2026-07-27T23:30:41Z] auto-run: step=tester done rc=0
[2026-07-27T23:30:41Z] auto-run: transition IMPLEMENTATION_APPROVED → TEST_COMPLETE
[2026-07-27T23:30:41Z] auto-run: auto-commit triggered (step=tester, include_code=True)
[2026-07-27T23:30:41Z] commit-checkpoint: unstaged runtime garbage: ['runs/T044/daemon.lock', 'runs/T044/runtime.log', 'runs/T044/workflow-status.md']
[2026-07-27T23:30:41Z] commit-checkpoint: sha=b4d6da82 files=3 title='test(T044/workflow): tester — update 3 file(s)'
[2026-07-27T23:30:41Z] auto-run: auto-push triggered
[2026-07-27T23:30:41Z] push: tolerating runtime dirty files (not blocking): ['runs/T044/daemon.lock', 'runs/T044/runtime.log', 'runs/T044/workflow-status.md']
[2026-07-27T23:30:41Z] push: pushing branch=ticket/T044-add-visual-regression-coverage-for-the-main-timize
[2026-07-27T23:30:43Z] push: done branch=ticket/T044-add-visual-regression-coverage-for-the-main-timize
[2026-07-27T23:30:43Z] auto-run: TEST_COMPLETE — running PR lifecycle
[2026-07-27T23:35:01Z] conflict-resolver: [pass 2/3] conflicted=['frontend/test-results/.last-run.json'] | staged=['frontend/test-results/.last-run.json'] | unresolved=[] | continue_rc=1 | next_source=[]
[2026-07-27T23:35:01Z] conflict-resolver: all conflicts resolved after 2 pass(es)
[2026-07-27T23:35:01Z] conflict-resolver: running tests
[2026-07-27T23:35:01Z] conflict-resolver: test-report written: runs/T044/conflict/test-report.md
[2026-07-27T23:35:01Z] conflict-resolver: staging and committing resolution artifacts
