[2026-07-27T16:20:35Z] auto-run start: state=INIT
[2026-07-27T16:20:35Z] auto-run: running step=planner
[2026-07-27T16:20:35Z] prompt: resolved=prompts/generic/planner.md source=generic
[2026-07-27T16:20:35Z] prompt: generic fallback — injecting runs/T033/ticket.md
[2026-07-27T16:20:35Z] compose: global-context=docs/ai/global-context.md
[2026-07-27T16:20:35Z] compose: role=ai/roles/planner.md
[2026-07-27T16:20:35Z] compose: skill=ai/skills/workflow-discipline.md
[2026-07-27T16:20:35Z] compose: skill=ai/skills/architecture-discipline.md
[2026-07-27T16:20:35Z] compose: skill=ai/skills/documentation.md
[2026-07-27T16:20:35Z] compose: task (canonical prompt)
[2026-07-27T16:20:35Z] snapshot: runtime-prompt=runs/T033/prompts/planner-attempt-1.md
[2026-07-27T16:21:04Z] auto-run: step=planner done rc=0
[2026-07-27T16:24:38Z] auto-run start: state=INIT
[2026-07-27T16:24:38Z] auto-run: running step=planner
[2026-07-27T16:24:38Z] prompt: resolved=prompts/generic/planner.md source=generic
[2026-07-27T16:24:38Z] prompt: generic fallback — injecting runs/T033/ticket.md
[2026-07-27T16:24:38Z] compose: global-context=docs/ai/global-context.md
[2026-07-27T16:24:38Z] compose: role=ai/roles/planner.md
[2026-07-27T16:24:38Z] compose: skill=ai/skills/workflow-discipline.md
[2026-07-27T16:24:38Z] compose: skill=ai/skills/architecture-discipline.md
[2026-07-27T16:24:38Z] compose: skill=ai/skills/documentation.md
[2026-07-27T16:24:38Z] compose: task (canonical prompt)
[2026-07-27T16:24:38Z] snapshot: runtime-prompt=runs/T033/prompts/planner-attempt-2.md
[2026-07-27T16:25:12Z] auto-run: step=planner done rc=0
[2026-07-27T16:28:38Z] auto-run start: state=INIT
[2026-07-27T16:28:38Z] auto-run: running step=planner
[2026-07-27T16:28:38Z] prompt: resolved=prompts/generic/planner.md source=generic
[2026-07-27T16:28:38Z] prompt: generic fallback — injecting runs/T033/ticket.md
[2026-07-27T16:28:38Z] compose: global-context=docs/ai/global-context.md
[2026-07-27T16:28:38Z] compose: role=ai/roles/planner.md
[2026-07-27T16:28:38Z] compose: skill=ai/skills/workflow-discipline.md
[2026-07-27T16:28:38Z] compose: skill=ai/skills/architecture-discipline.md
[2026-07-27T16:28:38Z] compose: skill=ai/skills/documentation.md
[2026-07-27T16:28:38Z] compose: task (canonical prompt)
[2026-07-27T16:28:38Z] snapshot: runtime-prompt=runs/T033/prompts/planner-attempt-3.md
[2026-07-27T16:29:32Z] auto-run: step=planner done rc=0
[2026-07-27T16:32:36Z] auto-run start: state=INIT
[2026-07-27T16:32:36Z] auto-run: running step=planner
[2026-07-27T16:32:36Z] prompt: resolved=prompts/generic/planner.md source=generic
[2026-07-27T16:32:36Z] prompt: generic fallback — injecting runs/T033/ticket.md
[2026-07-27T16:32:36Z] compose: global-context=docs/ai/global-context.md
[2026-07-27T16:32:36Z] compose: role=ai/roles/planner.md
[2026-07-27T16:32:36Z] compose: skill=ai/skills/workflow-discipline.md
[2026-07-27T16:32:36Z] compose: skill=ai/skills/architecture-discipline.md
[2026-07-27T16:32:36Z] compose: skill=ai/skills/documentation.md
[2026-07-27T16:32:36Z] compose: task (canonical prompt)
[2026-07-27T16:32:36Z] snapshot: runtime-prompt=runs/T033/prompts/planner-attempt-4.md
[2026-07-27T16:33:04Z] auto-run: step=planner done rc=0
