[2026-07-27T16:20:38Z] auto-run start: state=INIT
[2026-07-27T16:20:38Z] auto-run: running step=planner
[2026-07-27T16:20:38Z] prompt: resolved=prompts/generic/planner.md source=generic
[2026-07-27T16:20:38Z] prompt: generic fallback — injecting runs/T035/ticket.md
[2026-07-27T16:20:38Z] compose: global-context=docs/ai/global-context.md
[2026-07-27T16:20:38Z] compose: role=ai/roles/planner.md
[2026-07-27T16:20:38Z] compose: skill=ai/skills/workflow-discipline.md
[2026-07-27T16:20:38Z] compose: skill=ai/skills/architecture-discipline.md
[2026-07-27T16:20:38Z] compose: skill=ai/skills/documentation.md
[2026-07-27T16:20:38Z] compose: task (canonical prompt)
[2026-07-27T16:20:38Z] snapshot: runtime-prompt=runs/T035/prompts/planner-attempt-1.md
[2026-07-27T16:23:01Z] auto-run: step=planner done rc=0
[2026-07-27T16:27:19Z] auto-run start: state=INIT
[2026-07-27T16:27:19Z] auto-run: running step=planner
[2026-07-27T16:27:19Z] prompt: resolved=prompts/generic/planner.md source=generic
[2026-07-27T16:27:19Z] prompt: generic fallback — injecting runs/T035/ticket.md
[2026-07-27T16:27:19Z] compose: global-context=docs/ai/global-context.md
[2026-07-27T16:27:19Z] compose: role=ai/roles/planner.md
[2026-07-27T16:27:19Z] compose: skill=ai/skills/workflow-discipline.md
[2026-07-27T16:27:19Z] compose: skill=ai/skills/architecture-discipline.md
[2026-07-27T16:27:19Z] compose: skill=ai/skills/documentation.md
[2026-07-27T16:27:19Z] compose: task (canonical prompt)
[2026-07-27T16:27:19Z] snapshot: runtime-prompt=runs/T035/prompts/planner-attempt-2.md
[2026-07-27T16:29:24Z] auto-run: step=planner done rc=0
[2026-07-27T16:32:37Z] auto-run start: state=INIT
[2026-07-27T16:32:37Z] auto-run: running step=planner
[2026-07-27T16:32:37Z] prompt: resolved=prompts/generic/planner.md source=generic
[2026-07-27T16:32:37Z] prompt: generic fallback — injecting runs/T035/ticket.md
[2026-07-27T16:32:37Z] compose: global-context=docs/ai/global-context.md
[2026-07-27T16:32:37Z] compose: role=ai/roles/planner.md
[2026-07-27T16:32:37Z] compose: skill=ai/skills/workflow-discipline.md
[2026-07-27T16:32:37Z] compose: skill=ai/skills/architecture-discipline.md
[2026-07-27T16:32:37Z] compose: skill=ai/skills/documentation.md
[2026-07-27T16:32:37Z] compose: task (canonical prompt)
[2026-07-27T16:32:37Z] snapshot: runtime-prompt=runs/T035/prompts/planner-attempt-3.md
[2026-07-27T16:34:39Z] auto-run: step=planner done rc=0
[2026-07-27T16:38:02Z] auto-run start: state=INIT
[2026-07-27T16:38:02Z] auto-run: running step=planner
[2026-07-27T16:38:02Z] prompt: resolved=prompts/generic/planner.md source=generic
[2026-07-27T16:38:02Z] prompt: generic fallback — injecting runs/T035/ticket.md
[2026-07-27T16:38:02Z] compose: global-context=docs/ai/global-context.md
[2026-07-27T16:38:02Z] compose: role=ai/roles/planner.md
[2026-07-27T16:38:02Z] compose: skill=ai/skills/workflow-discipline.md
[2026-07-27T16:38:02Z] compose: skill=ai/skills/architecture-discipline.md
[2026-07-27T16:38:02Z] compose: skill=ai/skills/documentation.md
[2026-07-27T16:38:02Z] compose: task (canonical prompt)
[2026-07-27T16:38:02Z] snapshot: runtime-prompt=runs/T035/prompts/planner-attempt-4.md
[2026-07-27T16:41:22Z] auto-run: step=planner done rc=0
[2026-07-27T16:49:55Z] auto-run start: state=IMPLEMENTATION_APPROVED
[2026-07-27T16:49:55Z] auto-run: running step=tester
[2026-07-27T16:49:55Z] prompt: resolved=prompts/generic/tester.md source=generic
[2026-07-27T16:49:55Z] prompt: generic fallback — injecting runs/T035/ticket.md
[2026-07-27T16:49:55Z] compose: global-context=docs/ai/global-context.md
[2026-07-27T16:49:55Z] compose: role=ai/roles/tester.md
[2026-07-27T16:49:55Z] compose: skill=ai/skills/workflow-discipline.md
[2026-07-27T16:49:55Z] compose: skill=ai/skills/testing.md
[2026-07-27T16:49:55Z] compose: skill=ai/skills/debugging.md
[2026-07-27T16:49:55Z] compose: task (canonical prompt)
[2026-07-27T16:49:55Z] snapshot: runtime-prompt=runs/T035/prompts/tester-attempt-1.md
[2026-07-27T16:53:37Z] auto-run: step=tester done rc=0
[2026-07-27T16:53:37Z] auto-run: transition IMPLEMENTATION_APPROVED → TEST_COMPLETE
[2026-07-27T16:53:37Z] auto-run: auto-commit triggered (step=tester, include_code=True)
[2026-07-27T16:53:37Z] commit-checkpoint: unstaged runtime garbage: ['runs/T035/daemon.lock', 'runs/T035/runtime.log', 'runs/T035/workflow-status.md']
[2026-07-27T16:53:37Z] commit-checkpoint: sha=15f2089e files=4 title='test(T035/workflow): tester — update 4 file(s)'
[2026-07-27T16:53:37Z] auto-run: auto-push triggered
[2026-07-27T16:53:37Z] push: tolerating runtime dirty files (not blocking): ['runs/T035/daemon.lock', 'runs/T035/runtime.log', 'runs/T035/workflow-status.md']
[2026-07-27T16:53:37Z] push: pushing branch=ticket/T035-redesign-the-application-shell-and-navigation
[2026-07-27T16:53:39Z] push: done branch=ticket/T035-redesign-the-application-shell-and-navigation
[2026-07-27T16:53:40Z] auto-run: TEST_COMPLETE — running PR lifecycle
[2026-07-27T16:56:19Z] conflict-resolver: [pass 1/3] conflicted=['frontend/src/App.css'] | staged=['frontend/src/App.css'] | unresolved=[] | continue_rc=1 | next_source=[]
[2026-07-27T16:56:19Z] conflict-resolver: all conflicts resolved after 1 pass(es)
[2026-07-27T16:56:19Z] conflict-resolver: running tests
[2026-07-27T16:56:19Z] conflict-resolver: test-report written: runs/T035/conflict/test-report.md
[2026-07-27T16:56:19Z] conflict-resolver: staging and committing resolution artifacts
