[2026-07-28T06:05:43Z] auto-run start: state=INIT
[2026-07-28T06:05:43Z] auto-run: running step=planner
[2026-07-28T06:05:43Z] prompt: resolved=prompts/generic/planner.md source=generic
[2026-07-28T06:05:43Z] prompt: generic fallback — injecting runs/T049/ticket.md
[2026-07-28T06:05:43Z] compose: global-context=docs/ai/global-context.md
[2026-07-28T06:05:43Z] compose: role=ai/roles/planner.md
[2026-07-28T06:05:43Z] compose: skill=ai/skills/workflow-discipline.md
[2026-07-28T06:05:43Z] compose: skill=ai/skills/architecture-discipline.md
[2026-07-28T06:05:43Z] compose: skill=ai/skills/documentation.md
[2026-07-28T06:05:43Z] compose: task (canonical prompt)
[2026-07-28T06:05:43Z] snapshot: runtime-prompt=runs/T049/prompts/planner-attempt-1.md
[2026-07-28T06:12:30Z] compose: preferring on-disk runs/T049/plan.md over chatty stdout (agent Write beat meta-report)
[2026-07-28T06:12:30Z] auto-run: step=planner done rc=0
[2026-07-28T11:14:07Z] conflict-resolver: [pass 1/3] conflicted=['backend/src/main/java/com/timizer/backend/cra/MonthlyCraCreationService.java', 'backend/src/main/java/com/timizer/backend/cra/MonthlyCraReport.java', 'backend/src/main/java/com/timizerlike/cra/TimizerLikeApplication.java', 'backend/src/test/java/com/timizer/backend/cra/MonthlyCraCreationServiceTest.java', 'backend/src/test/java/com/timizer/backend/cra/MonthlyCraReportPersistenceTest.java', 'backend/src/test/java/com/timizer/backend/cra/MonthlyCraReportRepositoryTest.java', 'backend/src/test/java/com/timizer/backend/cra/MonthlyCraReportTest.java', 'backend/src/test/java/com/timizer/backend/cra/api/CraControllerTest.java', 'frontend/src/App.tsx', 'frontend/src/components/AppShell/AppShell.tsx'] | staged=['backend/src/main/java/com/timizer/backend/cra/MonthlyCraCreationService.java', 'backend/src/main/java/com/timizer/backend/cra/MonthlyCraReport.java', 'backend/src/main/java/com/timizerlike/cra/TimizerLikeApplication.java', 'backend/src/test/java/com/timizer/backend/cra/MonthlyCraCreationServiceTest.java', 'backend/src/test/java/com/timizer/backend/cra/MonthlyCraReportPersistenceTest.java', 'backend/src/test/java/com/timizer/backend/cra/MonthlyCraReportRepositoryTest.java', 'backend/src/test/java/com/timizer/backend/cra/MonthlyCraReportTest.java', 'backend/src/test/java/com/timizer/backend/cra/api/CraControllerTest.java', 'frontend/src/App.tsx', 'frontend/src/components/AppShell/AppShell.tsx'] | unresolved=[] | continue_rc=1 | next_source=[]
[2026-07-28T11:14:07Z] conflict-resolver: all conflicts resolved after 1 pass(es)
[2026-07-28T11:14:07Z] conflict-resolver: running tests
[2026-07-28T11:14:07Z] conflict-resolver: test-report written: runs/T049/conflict/test-report.md
[2026-07-28T11:14:07Z] conflict-resolver: staging and committing resolution artifacts
[2026-07-28T11:14:07Z] conflict-resolver: commit: sha=175103ac
[2026-07-28T11:14:07Z] conflict-resolver: git push --force-with-lease origin ticket/T049-add-editable-provider-profile-settings
[2026-07-28T11:14:09Z] conflict-resolver: push succeeded
[2026-07-28T11:14:09Z] conflict-resolver: state → CONFLICT_RESOLVED_REVIEW_NEEDED
[2026-07-28T11:14:09Z] auto-finalize-conflict: gate disabled for project='timizer-like'
[2026-07-28T11:14:09Z] conflict-resolver: transition CONFLICT_RESOLVED_REVIEW_NEEDED → TEST_COMPLETE (auto, PROJECT_SETTING)
[2026-07-28T11:14:10Z] auto-run: TEST_COMPLETE — running PR lifecycle
